###############################################################################
#
# IAR ELF Linker V8.32.3.193/W32 for ARM                  08/Oct/2019  15:11:34
# Copyright 2007-2019 IAR Systems AB.
#
#    Output file  =  
#        C:\ti\TivaWare_C_Series-2.1.4.178\examples\boards\ek-tm4c123gxl\alpha-beta\ewarm\Exe\blinky.out
#    Map file     =  
#        C:\ti\TivaWare_C_Series-2.1.4.178\examples\boards\ek-tm4c123gxl\alpha-beta\ewarm\List\blinky.map
#    Command line =  
#        -f C:\Users\ferri\AppData\Local\Temp\EW2827.tmp
#        (C:\ti\TivaWare_C_Series-2.1.4.178\examples\boards\ek-tm4c123gxl\alpha-beta\ewarm\Obj\blinky.o
#        C:\ti\TivaWare_C_Series-2.1.4.178\examples\boards\ek-tm4c123gxl\alpha-beta\ewarm\Obj\display_float.o
#        C:\ti\TivaWare_C_Series-2.1.4.178\driverlib\ewarm\Exe\driverlib.a
#        C:\ti\TivaWare_C_Series-2.1.4.178\examples\boards\ek-tm4c123gxl\alpha-beta\ewarm\Obj\MyQueue.o
#        C:\ti\TivaWare_C_Series-2.1.4.178\examples\boards\ek-tm4c123gxl\alpha-beta\ewarm\Obj\startup_ewarm.o
#        --redirect _Printf=_PrintfTiny --redirect _Scanf=_ScanfSmallNoMb
#        --no_out_extension -o
#        C:\ti\TivaWare_C_Series-2.1.4.178\examples\boards\ek-tm4c123gxl\alpha-beta\ewarm\Exe\blinky.out
#        --map
#        C:\ti\TivaWare_C_Series-2.1.4.178\examples\boards\ek-tm4c123gxl\alpha-beta\ewarm\List\blinky.map
#        --config
#        C:\ti\TivaWare_C_Series-2.1.4.178\examples\boards\ek-tm4c123gxl\alpha-beta\alpha-beta.icf
#        --semihosting --entry __iar_program_start --vfe --text_out locale)
#
###############################################################################

*******************************************************************************
*** MESSAGES
***

Warning[Lt009]: Inconsistent wchar_t size
            fpu.o(driverlib.a) and 6 other objects in driverlib.a have wchar_t
                      size 16 bits
            blinky.o and 20 other objects, some of them in dl7M_tln.a and 11
                      other libraries have wchar_t size 32 bits


*******************************************************************************
*** RUNTIME MODEL ATTRIBUTES
***

CppFlavor       = *
__SystemLibrary = DLib
__dlib_version  = 6


*******************************************************************************
*** HEAP SELECTION
***

The basic heap was selected because some modules are built with
size limitations (and not runtime checking), and --advanced_heap
was not specified.


*******************************************************************************
*** PLACEMENT SUMMARY
***

"A0":  place at start of [from 0x0 to 0x3'ffff] { ro section .intvec };
"P1":  place in [from 0x0 to 0x3'ffff] { ro };
"A1":  place at start of [from 0x2000'0000 to 0x2000'7fff] { section VTABLE };
define block HEAP with size = 0M, alignment = 8 { };
"P2":  place in [from 0x2000'0000 to 0x2000'7fff] { rw, block HEAP };
do not initialize { section .noinit };
initialize by copy { rw };

  Section            Kind         Address    Size  Object
  -------            ----         -------    ----  ------
"A0":                                       0x26c
  .intvec            const            0x0   0x26c  startup_ewarm.o [1]
                                  - 0x26c   0x26c

"P1":                                      0x10de
  .text              ro code        0x26c   0x484  blinky.o [1]
  .text              ro code        0x6f0    0x20  fpu.o [3]
  .text              ro code        0x710   0x2e4  sysctl.o [3]
  .text              ro code        0x9f4   0x120  interrupt.o [3]
  .text              ro code        0xb14    0x88  MyQueue.o [1]
  .text              ro code        0xb9c    0xca  uart.o [3]
  .text              ro code        0xc66    0x3a  zero_init3.o [5]
  .text              ro code        0xca0    0x18  ABImemcpy_small.o [5]
  .text              ro code        0xcb8   0x244  gpio.o [3]
  .text              ro code        0xefc    0xac  timer.o [3]
  .text              ro code        0xfa8    0x40  sprintf.o [2]
  .text              ro code        0xfe8    0x10  cpu.o [3]
  .text              ro code        0xff8   0x13e  xprintftiny.o [2]
  .text              ro code       0x1136     0xa  xsprout.o [2]
  .text              ro code       0x1140    0x36  strlen.o [5]
  .rodata            const         0x1178    0x84  blinky.o [1]
  .text              ro code       0x11fc    0x38  packbits_init_single.o [5]
  .rodata            const         0x1234    0x28  blinky.o [1]
  .text              ro code       0x125c    0x28  data_init.o [5]
  .text              ro code       0x1284    0x22  fpinit_M.o [4]
  .iar.init_table    const         0x12a8    0x28  - Linker created -
  .text              ro code       0x12d0    0x1e  cmain.o [5]
  .text              ro code       0x12ee     0x4  low_level_init.o [2]
  .text              ro code       0x12f2     0x4  exit.o [2]
  .text              ro code       0x12f8     0xa  cexit.o [5]
  .text              ro code       0x1304    0x14  exit.o [6]
  .text              ro code       0x1318    0x1a  startup_ewarm.o [1]
  .text              ro code       0x1332     0xc  cstartup_M.o [5]
  .rodata            const         0x133e     0x0  zero_init3.o [5]
  .rodata            const         0x133e     0x0  packbits_init_single.o [5]
  Initializer bytes  const         0x133e     0xc  <for P2-1>
                                 - 0x134a  0x10de

"A1":                                       0x26c
  VTABLE             zero     0x2000'0000   0x26c  interrupt.o [3]
                            - 0x2000'026c   0x26c

"P2", part 1 of 3:                          0x108
  P2-1                        0x2000'026c   0x108  <Init block>
    .data            inited   0x2000'026c    0x84  blinky.o [1]
    .data            inited   0x2000'02f0    0x84  blinky.o [1]
                            - 0x2000'0374   0x108

"P2", part 2 of 3:                           0x74
  .bss               zero     0x2000'0374    0x68  MyQueue.o [1]
  .bss               zero     0x2000'03dc     0x8  blinky.o [1]
  .bss               zero     0x2000'03e4     0x2  MyQueue.o [1]
                            - 0x2000'03e6    0x72

"P2", part 3 of 3:                          0x200
  .noinit            uninit   0x2000'03e8   0x200  startup_ewarm.o [1]
                            - 0x2000'05e8   0x200

Unused ranges:

         From           To      Size
         ----           --      ----
       0x134a     0x3'ffff  0x3'ecb6
  0x2000'05e8  0x2000'7fff    0x7a18


*******************************************************************************
*** INIT TABLE
***

          Address      Size
          -------      ----
Zero (__iar_zero_init3)
    2 destination ranges, total size 0x2de:
          0x2000'0000  0x26c
          0x2000'0374   0x72

Copy/packbits (__iar_packbits_init_single3)
    1 source range, total size 0xc (4% of destination):
               0x133e    0xc
    1 destination range, total size 0x108:
          0x2000'026c  0x108



*******************************************************************************
*** MODULE SUMMARY
***

    Module                  ro code  ro data  rw data
    ------                  -------  -------  -------
command line/config:
    -------------------------------------------------
    Total:

C:\ti\TivaWare_C_Series-2.1.4.178\examples\boards\ek-tm4c123gxl\alpha-beta\ewarm\Obj: [1]
    MyQueue.o                   136               106
    blinky.o                  1 156      184      272
    startup_ewarm.o              26      620      512
    -------------------------------------------------
    Total:                    1 318      804      890

dl7M_tln.a: [2]
    exit.o                        4
    low_level_init.o              4
    sprintf.o                    64
    xprintftiny.o               318
    xsprout.o                    10
    -------------------------------------------------
    Total:                      400

driverlib.a: [3]
    cpu.o                        16
    fpu.o                        32
    gpio.o                      580
    interrupt.o                 288               620
    sysctl.o                    740
    timer.o                     172
    uart.o                      202
    -------------------------------------------------
    Total:                    2 030               620

m7M_tls.a: [4]
    fpinit_M.o                   34
    -------------------------------------------------
    Total:                       34

rt7M_tl.a: [5]
    ABImemcpy_small.o            24
    cexit.o                      10
    cmain.o                      30
    cstartup_M.o                 12
    data_init.o                  40
    packbits_init_single.o       56
    strlen.o                     54
    zero_init3.o                 58
    -------------------------------------------------
    Total:                      284

shb_l.a: [6]
    exit.o                       20
    -------------------------------------------------
    Total:                       20

    Gaps                          4        4
    Linker created                        40
-----------------------------------------------------
    Grand Total:              4 090      848    1 510


*******************************************************************************
*** ENTRY LIST
***

Entry                       Address   Size  Type      Object
-----                       -------   ----  ----      ------
.iar.init_table$$Base        0x12a8          --   Gb  - Linker created -
.iar.init_table$$Limit       0x12d0          --   Gb  - Linker created -
?main                        0x12d1         Code  Gb  cmain.o [5]
CPUcpsid                      0xfe9    0x8  Code  Gb  cpu.o [3]
CPUcpsie                      0xff1    0x8  Code  Gb  cpu.o [3]
FPUEnable                     0x6f1    0xc  Code  Gb  fpu.o [3]
FPULazyStackingEnable         0x6fd    0xc  Code  Gb  fpu.o [3]
FaultISR                     0x132f    0x2  Code  Lc  startup_ewarm.o [1]
GPIODirModeSet                0xcb9   0x28  Code  Gb  gpio.o [3]
GPIOPadConfigSet              0xce1   0xfe  Code  Gb  gpio.o [3]
GPIOPinConfigure              0xe2f   0x38  Code  Gb  gpio.o [3]
GPIOPinTypeGPIOOutput         0xde3    0xa  Code  Gb  gpio.o [3]
GPIOPinTypeTimer              0xe07   0x14  Code  Gb  gpio.o [3]
GPIOPinTypeUART               0xe1b   0x14  Code  Gb  gpio.o [3]
IntDefaultHandler            0x1331    0x2  Code  Lc  startup_ewarm.o [1]
IntDisable                    0xa87   0x56  Code  Gb  interrupt.o [3]
IntEnable                     0xa31   0x56  Code  Gb  interrupt.o [3]
IntMasterDisable              0x9fd    0x6  Code  Gb  interrupt.o [3]
IntMasterEnable               0x9f5    0x8  Code  Gb  interrupt.o [3]
IntRegister                   0xa0b   0x26  Code  Gb  interrupt.o [3]
LEDEnable                     0x417   0x20  Code  Gb  blinky.o [1]
NmiSR                        0x132d    0x2  Code  Lc  startup_ewarm.o [1]
Queue                   0x2000'0374   0x68  Data  Gb  MyQueue.o [1]
QueueEmpty                    0xb1f   0x12  Code  Gb  MyQueue.o [1]
QueueGet                      0xb67   0x2c  Code  Gb  MyQueue.o [1]
QueueIn                 0x2000'03e4    0x1  Data  Gb  MyQueue.o [1]
QueueInit                     0xb15    0xa  Code  Gb  MyQueue.o [1]
QueueOut                0x2000'03e5    0x1  Data  Gb  MyQueue.o [1]
QueuePut                      0xb31   0x36  Code  Gb  MyQueue.o [1]
Region$$Table$$Base          0x12a8          --   Gb  - Linker created -
Region$$Table$$Limit         0x12d0          --   Gb  - Linker created -
ResetISR                     0x1319    0xe  Code  Gb  startup_ewarm.o [1]
SysCtlClockGet                0x82d  0x110  Code  Gb  sysctl.o [3]
SysCtlClockSet                0x755   0xd8  Code  Gb  sysctl.o [3]
SysCtlDelay                   0x74d    0x8  Code  Gb  sysctl.o [3]
SysCtlPeripheralEnable        0x731    0x8  Code  Gb  sysctl.o [3]
SysCtlPeripheralReady         0x711    0x8  Code  Gb  sysctl.o [3]
TimerConfigure                0xf09   0x52  Code  Gb  timer.o [3]
TimerControlEvent             0xf6d   0x14  Code  Gb  timer.o [3]
TimerEnable                   0xefd    0xc  Code  Gb  timer.o [3]
TimerIntClear                 0xfa5    0x4  Code  Gb  timer.o [3]
TimerIntEnable                0xf9b    0x4  Code  Gb  timer.o [3]
TimerLoadSet                  0xf81   0x10  Code  Gb  timer.o [3]
TimerValueGet                 0xf91    0xa  Code  Gb  timer.o [3]
UARTCharGetNonBlocking        0xc3b    0xe  Code  Gb  uart.o [3]
UARTCharPut                   0xc49    0xa  Code  Gb  uart.o [3]
UARTCharsAvail                0xc2b    0x6  Code  Gb  uart.o [3]
UARTConfig                    0x3e5   0x32  Code  Gb  blinky.o [1]
UARTConfigSetExpClk           0xb9d   0x4c  Code  Gb  uart.o [3]
UARTDisable                   0xc03   0x1e  Code  Gb  uart.o [3]
UARTEnable                    0xbe9   0x1a  Code  Gb  uart.o [3]
UARTIntClear                  0xc63    0x4  Code  Gb  uart.o [3]
UARTIntEnable                 0xc53    0x6  Code  Gb  uart.o [3]
UARTIntHandler                0x3b7   0x2e  Code  Gb  blinky.o [1]
UARTIntStatus                 0xc59    0xa  Code  Gb  uart.o [3]
UARTSend                      0x2d1   0x24  Code  Gb  blinky.o [1]
_PrintfTiny                  0x1011  0x126  Code  Gb  xprintftiny.o [2]
_SProut                      0x1137    0xa  Code  Gb  xsprout.o [2]
__cmain                      0x12d1         Code  Gb  cmain.o [5]
__exit                       0x1305   0x14  Code  Gb  exit.o [6]
__iar_data_init3             0x125d   0x28  Code  Gb  data_init.o [5]
__iar_init_vfp               0x1285         Code  Gb  fpinit_M.o [4]
__iar_packbits_init_single3
                             0x11fd   0x38  Code  Gb  packbits_init_single.o [5]
__iar_program_start          0x1333         Code  Gb  cstartup_M.o [5]
__iar_small_Memcpy            0xca5         Code  Gb  ABImemcpy_small.o [5]
__iar_small_memcpy            0xca1         Code  Gb  ABImemcpy_small.o [5]
__iar_small_memcpy4           0xca1         Code  Gb  ABImemcpy_small.o [5]
__iar_small_memcpy8           0xca1         Code  Gb  ABImemcpy_small.o [5]
__iar_zero_init3              0xc67   0x3a  Code  Gb  zero_init3.o [5]
__low_level_init             0x12ef    0x4  Code  Gb  low_level_init.o [2]
__vector_table                  0x0  0x26c  Data  Gb  startup_ewarm.o [1]
_call_main                   0x12dd         Code  Gb  cmain.o [5]
_exit                        0x12f9         Code  Gb  cexit.o [5]
_main                        0x12eb         Code  Gb  cmain.o [5]
alphaCanPrint           0x2000'026c    0x1  Data  Gb  blinky.o [1]
alphaEnable             0x2000'03dc    0x1  Data  Gb  blinky.o [1]
alphaMesure                   0x54d   0x38  Code  Gb  blinky.o [1]
alphaPos                0x2000'026d    0x1  Data  Gb  blinky.o [1]
betaCanPrint            0x2000'02f0    0x1  Data  Gb  blinky.o [1]
betaEnable              0x2000'03dd    0x1  Data  Gb  blinky.o [1]
betaMesure                    0x59d   0x3c  Code  Gb  blinky.o [1]
betaPos                 0x2000'02f1    0x1  Data  Gb  blinky.o [1]
clearMenu                     0x43d    0x8  Code  Gb  blinky.o [1]
endAlpha                0x2000'02b0   0x40  Data  Gb  blinky.o [1]
endBeta                 0x2000'0334   0x40  Data  Gb  blinky.o [1]
exit                         0x12f3    0x4  Code  Gb  exit.o [2]
g_pfnRAMVectors         0x2000'0000  0x26c  Data  Lc  interrupt.o [3]
g_pui32Dii16Regs              0xb00   0x14  Data  Lc  interrupt.o [3]
g_pui32EnRegs                 0xaec   0x14  Data  Lc  interrupt.o [3]
g_pui32GPIOBaseAddrs          0xe6c   0x90  Data  Lc  gpio.o [3]
g_pui32Xtals                  0x988   0x6c  Data  Lc  sysctl.o [3]
initTimer                     0x445  0x100  Code  Gb  blinky.o [1]
main                          0x26d   0x64  Code  Gb  blinky.o [1]
out                           0xff9   0x18  Code  Lc  xprintftiny.o [2]
printMenu                     0x437    0x6  Code  Gb  blinky.o [1]
processMenu                   0x2f5   0xc2  Code  Gb  blinky.o [1]
pui32Stack              0x2000'03e8  0x200  Data  Lc  startup_ewarm.o [1]
sprintf                       0xfa9   0x40  Code  Gb  sprintf.o [2]
startAlpha              0x2000'0270   0x40  Data  Gb  blinky.o [1]
startBeta               0x2000'02f4   0x40  Data  Gb  blinky.o [1]
strlen                       0x1141         Code  Gb  strlen.o [5]
sys_clock               0x2000'03e0    0x4  Data  Gb  blinky.o [1]


[1] = C:\ti\TivaWare_C_Series-2.1.4.178\examples\boards\ek-tm4c123gxl\alpha-beta\ewarm\Obj
[2] = dl7M_tln.a
[3] = driverlib.a
[4] = m7M_tls.a
[5] = rt7M_tl.a
[6] = shb_l.a

  4 090 bytes of readonly  code memory
    848 bytes of readonly  data memory
  1 510 bytes of readwrite data memory

Errors: none
Warnings: 1
